s is  a testfile.
